[False, False, False, False, False, False, False]
[True, False, False, False, False, False, False]
[True, False, False, False, False, False, False]
[True, False, False, False, False, False, False]
[True, False, False, False, False, False, False]
[True, False, False, False, False, False, False]
[True, False, False, False, False, False, False]
[True, False, False, False, False, False, False]
[True, False, False, False, False, False, False]
[True, False, False, False, False, False, False]
[False, True, False, False, False, False, False]
[False, True, False, False, False, False, False]
[False, False, False, False, False, False, False]
[False, False, False, False, False, False, False]
[False, False, False, False, False, False, False]
[False, False, False, False, False, False, False]
[False, False, False, False, False, False, False]
[False, False, False, False, False, False, False]
[False, False, False, False, False, False, False]
[False, False, False, False, False, False, False]
[False, False, False, False, False, False, False]
[False, True, False, False, False, False, False]
[False, False, False, False, False, False, False]
[False, False, False, False, False, False, False]
[False, True, False, False, False, False, False]
[False, True, False, False, False, False, False]
[False, True, False, False, False, False, False]
[False, False, False, False, False, False, False]
[False, False, False, False, False, False, False]
[False, False, False, False, False, False, False]
[False, False, False, False, False, False, False]
[False, False, False, False, False, False, False]
[True, False, False, False, False, False, False]
[True, False, False, False, False, False, False]
[True, False, True, False, False, False, False]
[True, False, True, False, False, False, False]
[True, False, True, False, False, False, False]
[True, False, True, False, False, False, False]
[True, False, False, False, False, False, False]
[False, False, False, False, False, False, False]
[False, False, False, False, False, False, False]
[False, False, False, False, False, False, False]
[False, False, False, False, False, True, False]
[False, False, False, False, False, True, False]
[False, False, False, False, False, False, False]
[False, False, False, False, False, False, False]
[False, False, False, False, False, False, False]
[False, False, False, False, False, False, False]
[False, False, False, False, False, False, False]
[False, False, False, False, False, False, False]
[False, False, False, False, False, False, False]
[False, False, False, False, False, False, False]
[False, False, False, False, False, False, False]
[False, False, False, False, False, False, False]
[False, False, False, False, False, False, False]
[False, False, False, False, False, False, False]
[False, False, False, False, False, False, False]
[False, True, False, False, False, False, False]
[False, True, False, False, False, False, False]
[False, True, False, False, False, False, True]
[False, True, False, False, False, False, True]
[False, True, False, False, False, False, False]
[False, True, False, False, False, False, False]
[False, True, False, False, False, False, False]
[False, False, False, False, False, False, False]
[False, False, False, False, False, False, False]
[False, False, False, False, False, False, False]
[False, False, False, False, False, False, False]
[False, False, False, False, False, False, False]
[False, False, False, False, False, False, False]
[False, False, False, False, False, False, False]
[False, False, False, False, False, False, False]
[False, False, False, False, False, False, False]
[False, False, False, False, False, False, False]
[False, False, False, False, False, False, False]
[False, False, False, False, False, False, False]
[False, False, False, False, False, False, False]
[False, False, False, False, False, False, False]
[False, False, False, False, False, False, False]
[True, False, False, False, False, False, False]
[True, False, False, False, False, False, False]
[True, False, False, False, False, False, False]
[True, False, False, False, False, False, False]
[True, False, False, False, False, False, False]
[True, False, False, False, False, False, False]
[True, False, False, False, False, False, False]
[True, False, False, False, False, False, False]
[True, False, False, False, False, False, False]
[True, False, False, True, False, False, False]
[True, False, False, False, False, False, False]
[False, False, False, False, False, False, False]
[True, False, False, False, False, False, False]
[True, False, False, False, False, False, False]
[True, False, False, False, False, False, False]
[True, False, False, False, False, False, False]
[True, False, False, False, False, False, False]
[True, False, False, False, False, False, False]
[True, False, False, False, False, False, False]
[True, False, False, False, False, False, False]
[True, False, False, False, False, False, False]
[True, False, False, False, False, False, False]
[True, False, False, False, False, False, False]
[False, True, False, False, False, False, False]
[False, True, False, False, False, False, False]
[False, True, False, False, False, False, False]
[False, True, False, False, False, False, False]
[False, True, False, False, False, False, False]
[False, True, True, False, False, False, False]
[False, True, True, False, False, False, False]
[True, False, False, False, False, False, False]
[True, False, False, False, False, False, False]
[True, False, False, False, False, False, False]
[False, False, False, False, False, False, False]
[False, False, False, False, False, False, False]
[False, False, False, False, False, False, False]
[False, False, False, False, False, False, False]
[False, False, False, False, False, False, False]
[False, False, False, False, False, False, False]
[False, False, False, False, False, False, False]
[False, False, False, False, False, False, False]
[False, False, False, False, False, False, False]
[False, False, False, False, False, False, False]
[False, False, False, False, False, False, False]
[False, False, False, False, False, False, False]
[False, False, False, False, False, False, False]
[False, False, False, True, False, False, False]
[False, False, False, True, False, False, False]
[False, False, False, True, True, False, False]
[False, False, False, True, True, False, False]
[False, False, False, True, True, False, False]
[False, False, False, True, True, False, False]
[False, False, False, True, False, False, False]
[True, False, False, True, False, False, False]
[True, False, False, True, False, False, False]
[True, False, False, True, False, False, False]
[True, False, False, True, False, False, False]
[True, False, False, True, False, False, False]
[True, False, False, True, False, False, False]
[True, False, False, True, False, False, False]
[True, False, False, True, False, False, False]
[True, False, False, True, False, False, False]
[True, False, False, True, False, False, False]
[True, False, False, True, False, False, False]
[True, False, False, True, False, False, False]
[True, False, False, True, False, False, False]
[True, False, False, True, False, False, False]
[True, False, False, True, False, False, False]
[True, False, False, True, False, False, False]
[True, False, False, True, False, False, False]
[True, False, False, True, False, False, False]
[True, False, False, True, False, False, False]
[True, False, False, True, False, False, False]
[True, False, False, True, False, False, False]
[True, False, False, True, False, False, False]
[True, False, False, True, False, False, False]
[True, False, False, True, False, False, False]
[True, False, False, True, False, False, False]
[True, False, False, True, False, False, False]
[True, False, False, True, False, False, False]
[True, False, False, True, False, False, False]
[True, False, False, False, False, False, False]
[True, False, False, False, False, False, False]
[True, False, True, False, False, False, False]
[True, False, True, False, False, False, False]
[True, False, True, False, False, False, False]
[True, False, True, False, False, False, False]
[True, False, True, False, False, False, False]
[True, False, True, False, False, False, False]
[True, False, False, False, False, False, False]
[True, False, False, False, False, False, False]
[True, False, False, False, False, False, False]
[True, False, False, False, False, False, False]
[True, False, False, False, False, False, False]
[True, False, False, False, False, False, False]
[True, False, False, False, False, False, False]
[True, False, False, False, False, False, False]
[True, False, False, False, False, False, False]
[True, False, False, False, False, False, False]
[True, False, False, False, False, False, False]
[True, False, False, False, False, False, False]
[True, False, False, False, False, False, False]
[True, False, False, False, False, False, False]
[True, False, True, False, False, False, False]
[True, False, True, False, False, False, False]
[True, False, True, False, False, False, False]
[True, False, True, False, False, False, False]
[True, False, False, False, False, False, False]
[True, False, False, False, False, False, False]
[True, False, False, False, False, False, False]
[True, False, False, False, False, False, False]
[True, False, False, False, False, False, False]
[False, True, False, False, False, False, False]
[False, True, False, False, True, False, False]
[False, True, False, False, True, False, False]
[False, True, False, False, True, False, False]
[False, True, False, False, True, False, False]
[False, True, False, False, True, False, False]
[False, True, False, False, False, False, False]
[False, False, False, False, False, False, False]
[True, False, False, False, False, False, False]
[True, False, False, False, False, False, False]
[True, False, False, False, False, False, False]
[True, False, False, False, False, False, False]
[True, True, False, False, False, False, False]
[False, True, False, False, False, False, False]
[False, True, False, False, False, False, False]
[False, True, False, False, False, False, False]
[False, True, False, False, False, False, False]
[False, True, False, False, False, False, False]
[False, True, False, False, False, False, False]
[False, True, False, False, False, False, False]
[False, True, False, False, False, False, False]
[False, True, False, False, False, False, False]
[False, True, False, False, False, False, False]
[False, True, False, False, False, False, False]
[False, True, False, False, False, False, False]
[False, True, False, False, False, False, False]
[False, True, False, False, False, False, False]
[False, True, False, False, False, False, False]
[False, True, False, False, False, False, False]
[False, True, False, False, False, False, False]
[False, True, False, False, False, False, False]
[False, True, False, False, False, False, False]
[False, True, False, False, False, False, False]
[False, True, False, False, False, False, False]
[False, True, False, False, False, False, False]
[False, True, False, False, False, False, False]
[False, True, False, False, False, False, False]
[True, False, False, False, False, False, False]
[True, False, True, False, False, False, False]
[True, False, True, False, False, False, False]
[True, False, True, False, False, False, False]
[True, False, True, False, False, False, False]
[True, False, False, False, False, False, False]
[True, False, False, False, False, False, False]
[True, False, False, False, False, False, False]
[True, False, False, False, False, False, False]
[True, False, False, False, False, False, False]
[True, False, False, False, False, False, True]
[True, False, False, False, False, False, True]
[True, False, False, False, False, False, True]
[True, False, False, False, False, False, True]
[True, False, False, False, False, False, False]
[True, False, False, False, False, False, False]
[True, False, False, False, False, False, False]
[False, False, False, False, False, False, False]
[False, False, False, False, False, False, False]
[False, False, False, False, False, False, False]
[True, False, False, False, False, False, False]
[True, False, False, False, False, False, False]
[True, False, True, False, False, False, False]
[True, False, True, False, False, False, False]
[True, False, True, False, False, False, False]
[True, False, True, False, False, False, False]
[True, False, False, False, False, False, False]
[True, False, False, False, False, False, False]
[True, False, False, False, False, False, True]
[True, False, False, False, False, False, True]
[True, False, False, False, False, False, True]
[True, False, False, False, False, False, True]
[True, False, False, False, False, False, False]
[True, False, False, False, False, False, False]
[True, False, False, False, False, False, False]
[False, False, False, False, False, False, False]
[False, False, False, False, False, False, False]
[False, False, False, False, False, False, False]
[False, False, False, False, False, False, False]
[False, False, False, False, False, False, False]
[True, False, False, False, False, False, False]
[False, False, False, False, False, False, False]
[True, False, False, False, False, False, False]
[False, False, False, False, False, False, False]
[True, False, False, False, False, False, False]
[True, False, False, False, False, False, False]
[True, False, False, False, False, False, False]
[True, False, False, False, False, False, False]
[True, False, False, False, False, False, False]
[True, False, False, False, False, False, False]
[True, False, False, False, False, False, False]
[True, False, False, False, False, False, False]
[False, True, False, False, False, False, False]
[False, True, False, False, False, False, False]
[False, True, False, False, False, False, False]
[False, True, False, False, False, False, False]
[False, True, False, False, False, False, False]
[False, True, False, False, False, False, False]
[True, True, False, False, False, False, False]
[True, False, False, False, False, False, False]
[True, False, False, False, False, False, False]
[True, True, False, False, False, False, False]
[False, True, False, False, False, False, False]
[False, True, False, False, False, False, False]
[True, True, False, False, False, False, False]
[True, False, False, False, False, False, False]
[True, False, False, False, False, False, False]
[True, False, False, False, False, False, False]
[True, False, False, False, False, False, False]
[True, False, False, False, False, False, False]
[True, True, False, False, False, False, False]
[False, True, False, False, False, False, False]
[False, True, False, False, False, False, False]
[False, True, False, False, False, False, False]
[False, True, False, False, False, False, False]
[True, True, False, True, False, False, False]
[False, False, False, True, False, False, False]
[False, False, False, True, False, False, False]
[False, False, False, True, False, False, False]
[False, False, False, True, False, False, False]
[False, False, False, True, False, False, False]
[False, False, False, True, False, False, False]
[False, False, False, True, False, False, False]
[False, False, False, True, False, False, False]
[False, False, False, True, False, False, False]
[False, False, False, True, False, False, False]
[False, False, False, False, False, False, False]
[False, False, True, False, False, False, False]
[False, False, True, False, False, False, False]
[False, False, True, False, False, False, False]
[False, False, True, False, False, False, False]
[False, False, True, False, False, False, False]
[False, False, False, False, True, False, False]
[False, False, False, False, True, False, False]
[False, False, False, False, True, False, False]
[False, False, False, False, False, False, False]
[False, False, False, False, False, False, False]
[False, False, False, False, False, False, False]
[False, False, False, False, False, False, False]
[False, False, False, False, False, False, False]
[False, False, False, False, False, False, False]
[False, False, False, False, False, False, False]
[True, False, False, False, False, False, False]
[True, False, False, False, False, False, False]
[True, False, True, False, False, False, False]
[True, False, True, False, False, False, False]
[True, False, True, False, False, False, False]
[True, False, False, False, False, True, False]
[True, False, False, False, False, True, False]
[True, False, False, False, False, True, False]
[True, False, False, False, False, True, False]
[True, False, False, False, False, False, False]
[True, False, False, False, False, False, False]
[True, False, False, False, False, False, False]
[False, False, False, False, False, False, False]
[False, False, False, False, False, False, False]
[False, False, False, False, False, False, False]
[False, False, False, False, False, False, False]
[False, False, False, False, False, False, False]
[False, False, False, False, False, False, False]
[False, False, False, False, False, False, False]
[False, False, False, False, False, False, False]
[False, True, False, False, False, False, False]
[False, True, False, False, False, False, False]
[False, True, False, False, False, False, False]
[False, True, False, False, False, False, False]
[False, True, False, False, False, False, False]
[False, True, True, False, False, False, False]
[False, True, True, False, False, True, False]
[False, True, True, False, False, True, False]
[False, True, True, False, False, True, False]
[False, True, False, False, False, True, False]
[False, True, False, False, False, False, False]
[False, True, False, False, False, False, False]
[False, True, False, False, False, False, False]
[False, True, False, False, False, False, False]
[False, True, False, False, False, False, False]
[False, False, False, False, False, False, False]
[False, False, False, False, False, True, False]
[False, False, False, False, False, True, False]
[False, False, False, False, False, False, False]
[False, False, False, False, False, False, False]
[False, False, False, False, False, False, False]
[True, False, False, False, False, False, False]
[True, False, False, False, False, False, False]
[True, False, True, False, False, False, False]
[True, False, True, False, False, False, False]
[True, False, True, False, False, False, True]
[True, False, True, False, False, False, True]
[True, False, True, False, False, False, True]
[True, False, True, False, False, False, True]
[True, False, True, False, False, False, False]
[True, False, True, False, False, False, False]
[True, False, True, False, False, False, False]
[True, False, True, False, False, False, False]
[True, False, False, False, False, False, False]
[True, False, False, False, False, False, False]
[True, False, False, False, False, False, False]
[True, False, False, False, False, False, False]
[True, False, False, False, False, False, False]
[True, False, False, False, False, False, False]
[True, False, False, False, False, False, False]
[True, False, False, False, False, False, False]
[True, False, False, False, False, False, False]
[True, False, True, False, False, False, False]
[True, False, True, False, False, False, False]
[True, False, True, False, False, False, True]
[True, False, True, False, False, False, True]
[True, False, True, False, False, False, True]
[True, False, True, False, False, False, True]
[True, False, True, False, False, False, True]
[True, False, True, False, False, False, True]
[True, False, True, False, False, False, False]
[True, False, True, False, False, False, False]
[True, False, True, False, False, False, False]
[True, False, False, False, False, False, False]
[True, False, False, False, False, False, False]
[True, False, False, False, False, False, False]
[True, False, False, False, False, False, False]
[False, False, False, False, False, False, False]
[False, False, False, False, False, False, False]
[False, False, False, False, False, False, False]
[False, False, False, False, False, False, False]
[False, False, False, False, False, False, False]
[False, False, False, False, True, False, False]
[False, False, False, False, True, False, False]
[False, False, False, True, False, False, False]
[False, False, False, True, False, False, True]
[False, False, False, True, False, False, False]
[False, False, False, True, False, False, False]
[False, False, False, True, False, False, True]
[False, False, False, True, False, False, False]
[False, False, False, True, False, False, False]
[False, False, False, True, False, False, True]
[False, False, False, True, False, False, True]
[False, False, False, True, False, False, False]
[False, False, False, True, False, False, False]
[False, False, False, False, False, False, False]
[False, False, False, False, False, False, False]
[False, False, False, False, False, False, False]
[False, False, False, False, False, False, False]
[False, False, False, False, False, False, False]
[False, False, False, False, False, False, False]
[False, False, False, False, False, False, False]
[False, False, False, False, False, False, False]
[False, False, False, False, False, True, False]
[False, False, False, False, False, True, False]
[False, False, False, False, False, False, False]
[False, False, False, False, False, False, False]
[False, False, False, False, False, False, False]
[False, True, False, False, False, False, False]
[False, True, False, False, False, False, False]
[False, True, False, False, False, False, True]
[False, True, False, False, False, False, False]
[False, True, False, False, False, False, False]
[False, True, False, False, False, False, True]
[False, True, False, False, False, False, False]
[False, True, False, False, False, False, True]
[False, True, False, False, False, False, True]
[False, True, False, False, False, False, True]
[False, True, False, False, False, False, False]
[False, False, False, False, False, False, False]
[False, False, False, False, False, False, False]
[False, False, False, False, False, False, False]
[False, False, False, False, False, False, False]
[False, False, False, False, False, False, False]
[False, False, False, False, False, False, False]
[False, False, False, False, False, False, False]
[False, False, False, False, False, False, False]
[False, False, False, False, False, False, False]
[False, False, False, False, False, False, False]
[False, False, False, False, False, False, False]
[False, False, False, False, False, False, False]
[False, False, False, False, False, True, False]
[False, True, False, False, False, True, False]
[False, True, False, False, False, False, False]
[False, True, False, False, False, False, False]
[False, True, False, False, False, False, True]
[False, True, False, False, False, False, False]
[False, True, False, False, False, False, False]
[False, True, False, False, False, False, True]
[False, True, False, False, False, False, False]
[False, True, False, False, False, False, False]
[False, True, False, False, False, False, True]
[False, True, False, False, False, False, True]
[False, True, False, False, False, False, False]
[False, True, False, False, False, False, True]
[False, True, False, False, False, False, True]
[False, True, False, False, False, False, False]
[False, True, False, False, False, False, False]
[False, True, False, False, False, False, False]
[False, False, False, False, False, False, False]
[False, False, False, False, False, False, False]
[False, False, False, False, False, False, False]
[False, False, False, False, False, False, False]
[False, False, False, False, False, False, False]
[False, False, False, False, False, False, False]
[False, False, False, False, False, False, False]
[False, False, False, False, False, False, False]
[False, False, False, False, False, False, False]
[False, False, False, False, False, False, False]
[False, False, False, False, False, False, False]
[False, False, False, False, False, False, False]
[False, False, False, True, False, False, False]
[False, False, False, True, False, False, True]
[False, False, False, True, False, False, True]
[False, False, False, True, False, False, True]
[False, False, False, True, False, False, False]
[False, False, False, False, False, False, False]
[False, False, False, False, False, False, False]
[False, False, False, False, False, False, False]
[False, False, False, False, False, False, False]
[False, False, False, False, False, False, False]
[False, False, False, False, False, False, False]
[False, False, False, False, False, False, False]
[False, False, False, False, False, False, False]
[False, False, False, False, False, False, False]
[False, False, False, False, False, False, False]
[False, False, False, False, False, False, False]
[False, False, False, False, False, False, False]
[False, False, False, False, False, False, False]
[False, False, False, False, False, False, True]
[False, False, False, False, False, False, True]
[False, False, False, False, False, False, False]
[False, False, False, False, False, False, False]
[False, False, False, False, False, False, True]
[False, False, False, False, False, False, True]
[False, False, False, False, False, False, False]
[False, False, False, False, False, False, False]
[False, False, False, False, False, False, True]
[False, False, False, False, False, False, True]
[False, False, False, False, False, False, False]
[False, False, False, False, False, False, False]
[False, False, False, False, False, False, True]
[False, False, False, False, False, False, False]
[False, False, False, False, False, False, False]
[False, False, False, False, False, False, False]
[False, False, False, False, False, False, True]
[False, False, False, False, False, False, False]
[False, False, False, False, False, False, True]
[False, False, False, False, False, False, True]
[False, False, False, False, False, False, False]
[False, False, False, False, False, False, True]
[False, False, False, False, False, False, False]
[False, False, False, False, False, False, False]
[False, False, False, False, False, False, True]
[False, False, False, False, False, False, False]
[False, False, False, False, False, False, False]
[False, False, False, False, False, False, False]
[False, False, False, False, False, False, True]
[False, False, False, False, False, False, False]
[False, False, False, False, False, False, False]
[False, False, False, False, False, False, True]
[False, False, False, False, False, False, False]
[False, False, False, False, False, False, False]
[False, False, False, False, False, False, True]
[False, False, False, False, False, False, False]
[False, False, False, False, False, False, False]
[False, False, False, False, False, False, True]
[False, False, False, False, False, False, False]
[False, False, False, False, False, False, False]
[False, False, False, False, False, False, True]
[False, False, False, False, False, False, True]
[False, False, False, False, False, False, False]
[False, False, False, False, False, False, False]
[False, False, False, False, False, False, False]
[False, False, False, False, False, False, False]
[False, False, False, False, False, False, True]
[False, False, False, False, False, False, False]
[False, False, False, False, False, False, False]
[False, False, False, False, False, False, True]
[False, False, False, False, False, False, True]
[False, False, False, False, False, False, False]
[False, False, False, False, False, False, False]
[False, False, False, False, False, False, False]
[False, False, False, False, False, False, False]
[False, False, False, False, False, False, False]
[False, False, False, False, False, False, False]
[False, False, False, False, False, False, False]
[False, False, False, False, False, False, False]
[False, False, False, False, False, False, False]
[False, False, False, False, False, False, False]
[True, False, False, False, False, False, False]
[True, False, False, False, False, False, False]
[True, False, False, False, False, False, False]
[True, False, False, False, False, False, False]
[True, False, False, False, False, False, False]
[True, False, False, False, False, False, False]
[True, False, False, False, False, False, False]
[True, False, False, False, False, False, False]
[True, False, False, False, False, False, False]
[True, False, False, False, False, False, False]
[True, False, False, False, False, False, False]
[True, False, False, False, False, False, False]
[True, False, False, False, False, False, False]
[True, False, False, False, False, False, False]
[True, False, False, False, False, False, False]
[True, False, False, False, False, False, False]
[True, False, False, False, False, False, False]
[True, False, False, False, False, False, False]
[True, False, False, False, False, False, False]
[True, False, False, False, False, False, False]
[True, False, False, False, False, False, False]
[True, False, False, False, False, False, False]
[True, False, False, False, False, False, False]
[True, False, False, False, False, False, False]
[True, False, False, False, False, False, False]
[True, False, False, False, False, False, False]
[True, False, False, False, False, False, False]
[True, False, False, False, False, False, False]
[True, False, False, False, False, False, False]
[False, False, False, False, False, False, False]
[False, False, False, False, False, False, False]
[False, False, False, False, False, False, True]
[False, False, False, False, False, False, True]
[False, False, False, False, False, False, True]
[False, False, False, False, False, False, False]
[False, False, False, False, False, False, False]
[False, False, False, False, False, False, False]
[False, False, False, False, False, False, False]
[False, False, False, False, False, False, False]
[False, False, False, False, False, False, False]
[False, False, False, False, False, False, False]
[False, False, False, False, False, False, False]
[False, False, False, False, False, False, False]
[False, False, False, False, False, False, False]
[False, False, False, False, False, False, False]
